module datagraph [system] {
    header "/Library/Frameworks/DataGraph.framework/Versions/A/Headers/DataGraph.h"
    header "/Library/Frameworks/DataGraph.framework/Versions/A/Headers/DGAxisCommand.h"
    header "/Library/Frameworks/DataGraph.framework/Versions/A/Headers/DGAxisCommandConstants.h"
    header "/Library/Frameworks/DataGraph.framework/Versions/A/Headers/DGBarCommand.h"
    header "/Library/Frameworks/DataGraph.framework/Versions/A/Headers/DGBarCommandConstants.h"
    header "/Library/Frameworks/DataGraph.framework/Versions/A/Headers/DGBarsCommand.h"
    header "/Library/Frameworks/DataGraph.framework/Versions/A/Headers/DGBarsCommandConstants.h"
    header "/Library/Frameworks/DataGraph.framework/Versions/A/Headers/DGBinaryDataColumn.h"
    header "/Library/Frameworks/DataGraph.framework/Versions/A/Headers/DGBoxCommand.h"
    header "/Library/Frameworks/DataGraph.framework/Versions/A/Headers/DGBoxCommandConstants.h"
    header "/Library/Frameworks/DataGraph.framework/Versions/A/Headers/DGCanvasCommand.h"
    header "/Library/Frameworks/DataGraph.framework/Versions/A/Headers/DGCanvasCommandConstants.h"
    header "/Library/Frameworks/DataGraph.framework/Versions/A/Headers/DGColorScheme.h"
    header "/Library/Frameworks/DataGraph.framework/Versions/A/Headers/DGColorsCommand.h"
    header "/Library/Frameworks/DataGraph.framework/Versions/A/Headers/DGColorsCommandConstants.h"
    header "/Library/Frameworks/DataGraph.framework/Versions/A/Headers/DGCommand.h"
    header "/Library/Frameworks/DataGraph.framework/Versions/A/Headers/DGCommandConstants.h"
    header "/Library/Frameworks/DataGraph.framework/Versions/A/Headers/DGController.h"
    header "/Library/Frameworks/DataGraph.framework/Versions/A/Headers/DGDataColumn.h"
    header "/Library/Frameworks/DataGraph.framework/Versions/A/Headers/DGDateDataColumn.h"
    header "/Library/Frameworks/DataGraph.framework/Versions/A/Headers/DGExpressionDataColumn.h"
    header "/Library/Frameworks/DataGraph.framework/Versions/A/Headers/DGExtraAxisCommand.h"
    header "/Library/Frameworks/DataGraph.framework/Versions/A/Headers/DGExtraAxisCommandConstants.h"
    header "/Library/Frameworks/DataGraph.framework/Versions/A/Headers/DGFillSettings.h"
    header "/Library/Frameworks/DataGraph.framework/Versions/A/Headers/DGFitCommand.h"
    header "/Library/Frameworks/DataGraph.framework/Versions/A/Headers/DGFitCommandConstants.h"
    header "/Library/Frameworks/DataGraph.framework/Versions/A/Headers/DGFunctionCommand.h"
    header "/Library/Frameworks/DataGraph.framework/Versions/A/Headers/DGFunctionCommandConstants.h"
    header "/Library/Frameworks/DataGraph.framework/Versions/A/Headers/DGGraphicCommand.h"
    header "/Library/Frameworks/DataGraph.framework/Versions/A/Headers/DGGraphicCommandConstants.h"
    header "/Library/Frameworks/DataGraph.framework/Versions/A/Headers/DGHistogramCommand.h"
    header "/Library/Frameworks/DataGraph.framework/Versions/A/Headers/DGHistogramCommandConstants.h"
    header "/Library/Frameworks/DataGraph.framework/Versions/A/Headers/DGLabelCommand.h"
    header "/Library/Frameworks/DataGraph.framework/Versions/A/Headers/DGLabelCommandConstants.h"
    header "/Library/Frameworks/DataGraph.framework/Versions/A/Headers/DGLegendCommand.h"
    header "/Library/Frameworks/DataGraph.framework/Versions/A/Headers/DGLegendCommandConstants.h"
    header "/Library/Frameworks/DataGraph.framework/Versions/A/Headers/DGLinesCommand.h"
    header "/Library/Frameworks/DataGraph.framework/Versions/A/Headers/DGLinesCommandConstants.h"
    header "/Library/Frameworks/DataGraph.framework/Versions/A/Headers/DGLineStyleSettings.h"
    
    header "/Library/Frameworks/DataGraph.framework/Versions/A/Headers/DGMagnifyCommand.h"
    header "/Library/Frameworks/DataGraph.framework/Versions/A/Headers/DGMagnifyCommandConstants.h"
    header "/Library/Frameworks/DataGraph.framework/Versions/A/Headers/DGMaskSettings.h"
    header "/Library/Frameworks/DataGraph.framework/Versions/A/Headers/DGMaskSettingsConstants.h"
    header "/Library/Frameworks/DataGraph.framework/Versions/A/Headers/DGParameter.h"
    header "/Library/Frameworks/DataGraph.framework/Versions/A/Headers/DGPlotCommand.h"
    header "/Library/Frameworks/DataGraph.framework/Versions/A/Headers/DGPlotCommandConstants.h"
    header "/Library/Frameworks/DataGraph.framework/Versions/A/Headers/DGPlotsCommand.h"
    header "/Library/Frameworks/DataGraph.framework/Versions/A/Headers/DGPlotsCommandConstants.h"
    header "/Library/Frameworks/DataGraph.framework/Versions/A/Headers/DGPointsCommand.h"
    header "/Library/Frameworks/DataGraph.framework/Versions/A/Headers/DGPointsCommandConstants.h"
    header "/Library/Frameworks/DataGraph.framework/Versions/A/Headers/DGRangeCommand.h"
    header "/Library/Frameworks/DataGraph.framework/Versions/A/Headers/DGRangeCommandConstants.h"
    header "/Library/Frameworks/DataGraph.framework/Versions/A/Headers/DGStandardDataColumn.h"
    header "/Library/Frameworks/DataGraph.framework/Versions/A/Headers/DGStockCommand.h"
    header "/Library/Frameworks/DataGraph.framework/Versions/A/Headers/DGStockCommandConstants.h"
    header "/Library/Frameworks/DataGraph.framework/Versions/A/Headers/DGStringDataColumn.h"
    header "/Library/Frameworks/DataGraph.framework/Versions/A/Headers/DGStringParameter.h"
    
    header "/Library/Frameworks/DataGraph.framework/Versions/A/Headers/DGStructures.h"
    header "/Library/Frameworks/DataGraph.framework/Versions/A/Headers/DGStylesCommand.h"
    header "/Library/Frameworks/DataGraph.framework/Versions/A/Headers/DGStylesCommandConstants.h"
    header "/Library/Frameworks/DataGraph.framework/Versions/A/Headers/DGTextCommand.h"
    header "/Library/Frameworks/DataGraph.framework/Versions/A/Headers/DGTextCommandConstants.h"
    header "/Library/Frameworks/DataGraph.framework/Versions/A/Headers/DGToken.h"
    header "/Library/Frameworks/DataGraph.framework/Versions/A/Headers/DGVariable.h"
    header "/Library/Frameworks/DataGraph.framework/Versions/A/Headers/DGXAxisCommand.h"
    header "/Library/Frameworks/DataGraph.framework/Versions/A/Headers/DGYAxisCommand.h"
    
    // Not in original framework.  Added separately to expose DPDrawingView for use in Module.
    header "/Library/Frameworks/DataGraph.framework/Versions/A/Headers/DPDrawingView.h"
    
    export *
}
